<?xml version="1.0" encoding="UTF-8"?>
<wfs:WFS_Capabilities xmlns:gml="http://www.opengis.net/gml/3.2" xmlns:wfs="http://www.opengis.net/wfs/2.0" xmlns:ows="http://www.opengis.net/ows/1.1" xmlns:xlink="http://www.w3.org/1999/xlink" xmlns:xsi="http://www.w3.org/2001/XMLSchema-instance" xmlns:fes="http://www.opengis.net/fes/2.0" xmlns:inspire_common="http://inspire.ec.europa.eu/schemas/common/1.0" xmlns:inspire_dls="http://inspire.ec.europa.eu/schemas/inspire_dls/1.0" xmlns:hh="http://hh.geonovum.nl" version="2.0.0" xsi:schemaLocation="http://www.opengis.net/wfs/2.0 http://schemas.opengis.net/wfs/2.0/wfs.xsd http://inspire.ec.europa.eu/schemas/inspire_dls/1.0 http://inspire.ec.europa.eu/schemas/inspire_dls/1.0/inspire_dls.xsd http://inspire.ec.europa.eu/schemas/common/1.0 http://inspire.ec.europa.eu/schemas/common/1.0/common.xsd">
 <ows:ServiceIdentification>
  <ows:Title>Human Health Statistics Netherlands (INSPIRE geharmoniseerd) WFS</ows:Title>
  <ows:Abstract>This service refers to SDMX files with human Health data like total number of death per 100.000 people or number of doctors in the Netherlands per NUTS2 region.</ows:Abstract>
  <ows:Keywords>
   <Keyword>CBS</Keyword>
   <Keyword>statistics</Keyword>
   <Keyword>HH</Keyword>
   <Keyword>NL</Keyword>
   <Keyword>Human Health</Keyword>
   <Keyword>Netherlands</Keyword>
   <Keyword>SDMX</Keyword>
   <Keyword>Death</Keyword>
   <Keyword>NUTS2</Keyword>
   <Keyword>doctor</Keyword>
   <Keyword>death rate</Keyword>
   <Keyword>health</Keyword>
   <Keyword>infoFeatureAccessService</Keyword>
  </ows:Keywords>
  <ows:ServiceType codeSpace="OGC">WFS</ows:ServiceType>
  <ows:ServiceTypeVersion>2.0.0</ows:ServiceTypeVersion>
  <ows:Fees>none</ows:Fees>
  <ows:AccessConstraints>http://creativecommons.org/publicdomain/zero/1.0/deed.nl</ows:AccessConstraints>
 </ows:ServiceIdentification>
 <ows:ServiceProvider>
  <ows:ProviderName>PDOK</ows:ProviderName>
  <ows:ProviderSite xlink:type="simple" xlink:href="https://service.pdok.nl"/>
  <ows:ServiceContact>
   <ows:IndividualName>KlantContactCenter PDOK</ows:IndividualName>
   <ows:PositionName>pointOfContact</ows:PositionName>
   <ows:ContactInfo>
    <ows:Phone>
     <ows:Voice/>
     <ows:Facsimile/>
    </ows:Phone>
    <ows:Address>
     <ows:DeliveryPoint/>
     <ows:City>Apeldoorn</ows:City>
     <ows:AdministrativeArea/>
     <ows:PostalCode/>
     <ows:Country>Netherlands</ows:Country>
     <ows:ElectronicMailAddress>BeheerPDOK@kadaster.nl</ows:ElectronicMailAddress>
    </ows:Address>
    <ows:OnlineResource xlink:type="simple" xlink:href="https://service.pdok.nl"/>
    <ows:HoursOfService/>
    <ows:ContactInstructions/>
   </ows:ContactInfo>
   <ows:Role/>
  </ows:ServiceContact>
 </ows:ServiceProvider>
 <ows:OperationsMetadata>
  <ows:Operation name="GetCapabilities">
   <ows:DCP>
    <ows:HTTP>
     <ows:Get xlink:type="simple" xlink:href="https://service.pdok.nl/cbs/hh/wfs/v1_0?"/>
    </ows:HTTP>
   </ows:DCP>
   <ows:Parameter name="AcceptVersions">
    <ows:AllowedValues>
     <ows:Value>2.0.0</ows:Value>
    </ows:AllowedValues>
   </ows:Parameter>
   <ows:Parameter name="AcceptFormats">
    <ows:AllowedValues>
     <ows:Value>text/xml</ows:Value>
    </ows:AllowedValues>
   </ows:Parameter>
   <ows:Parameter name="Sections">
    <ows:AllowedValues>
     <ows:Value>ServiceIdentification</ows:Value>
     <ows:Value>ServiceProvider</ows:Value>
     <ows:Value>OperationsMetadata</ows:Value>
     <ows:Value>FeatureTypeList</ows:Value>
     <ows:Value>Filter_Capabilities</ows:Value>
    </ows:AllowedValues>
   </ows:Parameter>
  </ows:Operation>
  <ows:Operation name="DescribeFeatureType">
   <ows:DCP>
    <ows:HTTP>
     <ows:Get xlink:type="simple" xlink:href="https://service.pdok.nl/cbs/hh/wfs/v1_0?"/>
    </ows:HTTP>
   </ows:DCP>
   <ows:Parameter name="outputFormat">
    <ows:AllowedValues>
     <ows:Value>application/gml+xml; version=3.2</ows:Value>
     <ows:Value>text/xml; subtype=gml/3.2.1</ows:Value>
     <ows:Value>text/xml; subtype=gml/3.1.1</ows:Value>
    </ows:AllowedValues>
   </ows:Parameter>
  </ows:Operation>
  <ows:Operation name="GetFeature">
   <ows:DCP>
    <ows:HTTP>
     <ows:Get xlink:type="simple" xlink:href="https://service.pdok.nl/cbs/hh/wfs/v1_0?"/>
     <ows:Post xlink:type="simple" xlink:href="https://service.pdok.nl/cbs/hh/wfs/v1_0"/>
    </ows:HTTP>
   </ows:DCP>
   <ows:Parameter name="outputFormat">
    <ows:AllowedValues>
     <ows:Value>application/gml+xml; version=3.2</ows:Value>
     <ows:Value>text/xml; subtype=gml/3.2.1</ows:Value>
     <ows:Value>text/xml; subtype=gml/3.1.1</ows:Value>
     <ows:Value>application/json; subtype=geojson</ows:Value>
     <ows:Value>application/json</ows:Value>
    </ows:AllowedValues>
   </ows:Parameter>
  </ows:Operation>
  <ows:Operation name="ListStoredQueries">
   <ows:DCP>
    <ows:HTTP>
     <ows:Get xlink:type="simple" xlink:href="https://service.pdok.nl/cbs/hh/wfs/v1_0?"/>
    </ows:HTTP>
   </ows:DCP>
  </ows:Operation>
  <ows:Operation name="DescribeStoredQueries">
   <ows:DCP>
    <ows:HTTP>
     <ows:Get xlink:type="simple" xlink:href="https://service.pdok.nl/cbs/hh/wfs/v1_0?"/>
    </ows:HTTP>
   </ows:DCP>
  </ows:Operation>
  <ows:Parameter name="version">
   <ows:AllowedValues>
    <ows:Value>2.0.0</ows:Value>
   </ows:AllowedValues>
  </ows:Parameter>
  <ows:Constraint name="ImplementsBasicWFS">
   <ows:DefaultValue>TRUE</ows:DefaultValue>
  </ows:Constraint>
  <ows:Constraint name="ImplementsTransactionalWFS">
   <ows:DefaultValue>FALSE</ows:DefaultValue>
  </ows:Constraint>
  <ows:Constraint name="ImplementsLockingWFS">
   <ows:DefaultValue>FALSE</ows:DefaultValue>
  </ows:Constraint>
  <ows:Constraint name="KVPEncoding">
   <ows:DefaultValue>TRUE</ows:DefaultValue>
  </ows:Constraint>
  <ows:Constraint name="XMLEncoding">
   <ows:DefaultValue>TRUE</ows:DefaultValue>
  </ows:Constraint>
  <ows:Constraint name="SOAPEncoding">
   <ows:DefaultValue>FALSE</ows:DefaultValue>
  </ows:Constraint>
  <ows:Constraint name="ImplementsInheritance">
   <ows:DefaultValue>FALSE</ows:DefaultValue>
  </ows:Constraint>
  <ows:Constraint name="ImplementsRemoteResolve">
   <ows:DefaultValue>FALSE</ows:DefaultValue>
  </ows:Constraint>
  <ows:Constraint name="ImplementsResultPaging">
   <ows:DefaultValue>TRUE</ows:DefaultValue>
  </ows:Constraint>
  <ows:Constraint name="ImplementsStandardJoins">
   <ows:DefaultValue>FALSE</ows:DefaultValue>
  </ows:Constraint>
  <ows:Constraint name="ImplementsSpatialJoins">
   <ows:DefaultValue>FALSE</ows:DefaultValue>
  </ows:Constraint>
  <ows:Constraint name="ImplementsTemporalJoins">
   <ows:DefaultValue>FALSE</ows:DefaultValue>
  </ows:Constraint>
  <ows:Constraint name="ImplementsFeatureVersioning">
   <ows:DefaultValue>FALSE</ows:DefaultValue>
  </ows:Constraint>
  <ows:Constraint name="ManageStoredQueries">
   <ows:DefaultValue>FALSE</ows:DefaultValue>
  </ows:Constraint>
  <ows:Constraint name="PagingIsTransactionSafe">
   <ows:DefaultValue>FALSE</ows:DefaultValue>
  </ows:Constraint>
  <ows:Constraint name="CountDefault">
   <ows:DefaultValue>1000</ows:DefaultValue>
  </ows:Constraint>
  <ows:Constraint name="QueryExpressions">
   <ows:AllowedValues>
    <ows:Value>wfs:Query</ows:Value>
    <ows:Value>wfs:StoredQuery</ows:Value>
   </ows:AllowedValues>
  </ows:Constraint>
  <ows:ExtendedCapabilities>
   <inspire_dls:ExtendedCapabilities>
    <inspire_common:MetadataUrl xsi:type="inspire_common:resourceLocatorType">
     <inspire_common:URL>https://www.nationaalgeoregister.nl/geonetwork/srv/eng/csw?service=CSW&amp;version=2.0.2&amp;request=GetRecordById&amp;outputschema=http://www.isotc211.org/2005/gmd&amp;elementsetname=full&amp;id=8129296b-b9c1-489f-990a-df4a879e12b2</inspire_common:URL>
     <inspire_common:MediaType>application/vnd.ogc.csw.GetRecordByIdResponse_xml</inspire_common:MediaType>
    </inspire_common:MetadataUrl>
    <inspire_common:SupportedLanguages>
     <inspire_common:DefaultLanguage>
      <inspire_common:Language>eng</inspire_common:Language>
     </inspire_common:DefaultLanguage>
    </inspire_common:SupportedLanguages>
    <inspire_common:ResponseLanguage>
     <inspire_common:Language>eng</inspire_common:Language>
    </inspire_common:ResponseLanguage>
    <inspire_dls:SpatialDataSetIdentifier>
     <inspire_common:Code>14076c36-c26d-2019-2015-7e65f530188d</inspire_common:Code>
    </inspire_dls:SpatialDataSetIdentifier>
   </inspire_dls:ExtendedCapabilities>
  </ows:ExtendedCapabilities>
 </ows:OperationsMetadata>
 <wfs:FeatureTypeList>
  <wfs:FeatureType>
   <wfs:Name>hh:hh-nl-nuts2-doctors-2017</wfs:Name>
   <wfs:Title>NL HH nrdoctors per 100000 in 2017 per NUTS2 region</wfs:Title>
   <wfs:Abstract>NL HH number of doctors per 100000 inhabitants in 2017 per NUTS2 region</wfs:Abstract>
   <ows:Keywords>
    <Keyword>CBS</Keyword>
    <Keyword>statistics</Keyword>
    <Keyword>HH</Keyword>
    <Keyword>NL</Keyword>
    <Keyword>Human Health</Keyword>
    <Keyword>Netherlands</Keyword>
    <Keyword>SDMX</Keyword>
    <Keyword>NUTS2</Keyword>
    <Keyword>doctor</Keyword>
    <Keyword>health</Keyword>
   </ows:Keywords>
   <wfs:DefaultCRS>EPSG:3035</wfs:DefaultCRS>
   <wfs:OtherCRS>EPSG:28992</wfs:OtherCRS>
   <wfs:OtherCRS>EPSG:25831</wfs:OtherCRS>
   <wfs:OtherCRS>EPSG:25832</wfs:OtherCRS>
   <wfs:OtherCRS>EPSG:3034</wfs:OtherCRS>
   <wfs:OtherCRS>EPSG:3857</wfs:OtherCRS>
   <wfs:OtherCRS>EPSG:4258</wfs:OtherCRS>
   <wfs:OtherCRS>EPSG:4326</wfs:OtherCRS>
   <wfs:OutputFormats>
    <wfs:Format>application/gml+xml; version=3.2</wfs:Format>
    <wfs:Format>text/xml; subtype=gml/3.2.1</wfs:Format>
    <wfs:Format>text/xml; subtype=gml/3.1.1</wfs:Format>
    <wfs:Format>application/json; subtype=geojson</wfs:Format>
    <wfs:Format>application/json</wfs:Format>
   </wfs:OutputFormats>
   <ows:WGS84BoundingBox dimensions="2">
    <ows:LowerCorner>2.527125 50.212863</ows:LowerCorner>
    <ows:UpperCorner>7.374026 55.721160</ows:UpperCorner>
   </ows:WGS84BoundingBox>
   <wfs:MetadataURL xlink:href="https://www.nationaalgeoregister.nl/geonetwork/srv/dut/xml.metadata.get?uuid=12bb57cd-73e0-41ba-a1e9-6d986b9109d3"/>
  </wfs:FeatureType>
  <wfs:FeatureType>
   <wfs:Name>hh:hh-nl-nuts2-death-2016</wfs:Name>
   <wfs:Title>NL HH nrdeath per 100000 in 2016 per NUTS2 region</wfs:Title>
   <wfs:Abstract>NL HH number of death per 100000 inhabitants in 2016 per NUTS2 region</wfs:Abstract>
   <ows:Keywords>
    <Keyword>CBS</Keyword>
    <Keyword>statistics</Keyword>
    <Keyword>HH</Keyword>
    <Keyword>NL</Keyword>
    <Keyword>Human Health</Keyword>
    <Keyword>Netherlands</Keyword>
    <Keyword>SDMX</Keyword>
    <Keyword>NUTS2</Keyword>
    <Keyword>doctor</Keyword>
    <Keyword>health</Keyword>
   </ows:Keywords>
   <wfs:DefaultCRS>EPSG:3035</wfs:DefaultCRS>
   <wfs:OtherCRS>EPSG:28992</wfs:OtherCRS>
   <wfs:OtherCRS>EPSG:25831</wfs:OtherCRS>
   <wfs:OtherCRS>EPSG:25832</wfs:OtherCRS>
   <wfs:OtherCRS>EPSG:3034</wfs:OtherCRS>
   <wfs:OtherCRS>EPSG:3857</wfs:OtherCRS>
   <wfs:OtherCRS>EPSG:4258</wfs:OtherCRS>
   <wfs:OtherCRS>EPSG:4326</wfs:OtherCRS>
   <wfs:OutputFormats>
    <wfs:Format>application/gml+xml; version=3.2</wfs:Format>
    <wfs:Format>text/xml; subtype=gml/3.2.1</wfs:Format>
    <wfs:Format>text/xml; subtype=gml/3.1.1</wfs:Format>
    <wfs:Format>application/json; subtype=geojson</wfs:Format>
    <wfs:Format>application/json</wfs:Format>
   </wfs:OutputFormats>
   <ows:WGS84BoundingBox dimensions="2">
    <ows:LowerCorner>2.527125 50.212863</ows:LowerCorner>
    <ows:UpperCorner>7.374026 55.721160</ows:UpperCorner>
   </ows:WGS84BoundingBox>
   <wfs:MetadataURL xlink:href="https://www.nationaalgeoregister.nl/geonetwork/srv/dut/xml.metadata.get?uuid=12bb57cd-73e0-41ba-a1e9-6d986b9109d3"/>
  </wfs:FeatureType>
 </wfs:FeatureTypeList>
 <fes:Filter_Capabilities>
  <fes:Conformance>
   <fes:Constraint name="ImplementsQuery">
    <ows:NoValues/>
    <ows:DefaultValue>TRUE</ows:DefaultValue>
   </fes:Constraint>
   <fes:Constraint name="ImplementsAdHocQuery">
    <ows:NoValues/>
    <ows:DefaultValue>TRUE</ows:DefaultValue>
   </fes:Constraint>
   <fes:Constraint name="ImplementsFunctions">
    <ows:NoValues/>
    <ows:DefaultValue>FALSE</ows:DefaultValue>
   </fes:Constraint>
   <fes:Constraint name="ImplementsResourceId">
    <ows:NoValues/>
    <ows:DefaultValue>TRUE</ows:DefaultValue>
   </fes:Constraint>
   <fes:Constraint name="ImplementsMinStandardFilter">
    <ows:NoValues/>
    <ows:DefaultValue>TRUE</ows:DefaultValue>
   </fes:Constraint>
   <fes:Constraint name="ImplementsStandardFilter">
    <ows:NoValues/>
    <ows:DefaultValue>TRUE</ows:DefaultValue>
   </fes:Constraint>
   <fes:Constraint name="ImplementsMinSpatialFilter">
    <ows:NoValues/>
    <ows:DefaultValue>TRUE</ows:DefaultValue>
   </fes:Constraint>
   <fes:Constraint name="ImplementsSpatialFilter">
    <ows:NoValues/>
    <ows:DefaultValue>FALSE</ows:DefaultValue>
   </fes:Constraint>
   <fes:Constraint name="ImplementsMinTemporalFilter">
    <ows:NoValues/>
    <ows:DefaultValue>TRUE</ows:DefaultValue>
   </fes:Constraint>
   <fes:Constraint name="ImplementsTemporalFilter">
    <ows:NoValues/>
    <ows:DefaultValue>FALSE</ows:DefaultValue>
   </fes:Constraint>
   <fes:Constraint name="ImplementsVersionNav">
    <ows:NoValues/>
    <ows:DefaultValue>FALSE</ows:DefaultValue>
   </fes:Constraint>
   <fes:Constraint name="ImplementsSorting">
    <ows:NoValues/>
    <ows:DefaultValue>TRUE</ows:DefaultValue>
   </fes:Constraint>
   <fes:Constraint name="ImplementsExtendedOperators">
    <ows:NoValues/>
    <ows:DefaultValue>FALSE</ows:DefaultValue>
   </fes:Constraint>
   <fes:Constraint name="ImplementsMinimumXPath">
    <ows:NoValues/>
    <ows:DefaultValue>TRUE</ows:DefaultValue>
   </fes:Constraint>
   <fes:Constraint name="ImplementsSchemaElementFunc">
    <ows:NoValues/>
    <ows:DefaultValue>FALSE</ows:DefaultValue>
   </fes:Constraint>
  </fes:Conformance>
  <fes:Id_Capabilities>
   <fes:ResourceIdentifier name="fes:ResourceId"/>
  </fes:Id_Capabilities>
  <fes:Scalar_Capabilities>
   <fes:LogicalOperators/>
   <fes:ComparisonOperators>
    <fes:ComparisonOperator name="PropertyIsEqualTo"/>
    <fes:ComparisonOperator name="PropertyIsNotEqualTo"/>
    <fes:ComparisonOperator name="PropertyIsLessThan"/>
    <fes:ComparisonOperator name="PropertyIsGreaterThan"/>
    <fes:ComparisonOperator name="PropertyIsLessThanOrEqualTo"/>
    <fes:ComparisonOperator name="PropertyIsGreaterThanOrEqualTo"/>
    <fes:ComparisonOperator name="PropertyIsLike"/>
    <fes:ComparisonOperator name="PropertyIsBetween"/>
   </fes:ComparisonOperators>
  </fes:Scalar_Capabilities>
  <fes:Spatial_Capabilities>
   <fes:GeometryOperands>
    <fes:GeometryOperand name="gml:Point"/>
    <fes:GeometryOperand name="gml:MultiPoint"/>
    <fes:GeometryOperand name="gml:LineString"/>
    <fes:GeometryOperand name="gml:MultiLineString"/>
    <fes:GeometryOperand name="gml:Curve"/>
    <fes:GeometryOperand name="gml:MultiCurve"/>
    <fes:GeometryOperand name="gml:Polygon"/>
    <fes:GeometryOperand name="gml:MultiPolygon"/>
    <fes:GeometryOperand name="gml:Surface"/>
    <fes:GeometryOperand name="gml:MultiSurface"/>
    <fes:GeometryOperand name="gml:Box"/>
    <fes:GeometryOperand name="gml:Envelope"/>
   </fes:GeometryOperands>
   <fes:SpatialOperators>
    <fes:SpatialOperator name="Equals"/>
    <fes:SpatialOperator name="Disjoint"/>
    <fes:SpatialOperator name="Touches"/>
    <fes:SpatialOperator name="Within"/>
    <fes:SpatialOperator name="Overlaps"/>
    <fes:SpatialOperator name="Crosses"/>
    <fes:SpatialOperator name="Intersects"/>
    <fes:SpatialOperator name="Contains"/>
    <fes:SpatialOperator name="DWithin"/>
    <fes:SpatialOperator name="Beyond"/>
    <fes:SpatialOperator name="BBOX"/>
   </fes:SpatialOperators>
  </fes:Spatial_Capabilities>
 </fes:Filter_Capabilities>
</wfs:WFS_Capabilities>