<?xml version="1.0" encoding="UTF-8"?>
<WMS_Capabilities xmlns="http://www.opengis.net/wms" xmlns:sld="http://www.opengis.net/sld" xmlns:xlink="http://www.w3.org/1999/xlink" xmlns:xsi="http://www.w3.org/2001/XMLSchema-instance" xmlns:inspire_common="http://inspire.ec.europa.eu/schemas/common/1.0" xmlns:inspire_vs="http://inspire.ec.europa.eu/schemas/inspire_vs/1.0" version="1.3.0" xsi:schemaLocation="http://www.opengis.net/wms http://schemas.opengis.net/wms/1.3.0/capabilities_1_3_0.xsd http://www.opengis.net/sld http://schemas.opengis.net/sld/1.1.0/sld_capabilities.xsd http://inspire.ec.europa.eu/schemas/inspire_vs/1.0 http://inspire.ec.europa.eu/schemas/inspire_vs/1.0/inspire_vs.xsd">
 <Service>
  <Name>WMS</Name>
  <Title>Human Health Statistics Netherlands (INSPIRE geharmoniseerd) WMS</Title>
  <Abstract>This service refers to SDMX files with human Health data like total number of death per 100.000 people or number of doctors in the Netherlands per NUTS2 region.</Abstract>
  <KeywordList>
   <Keyword>CBS</Keyword>
   <Keyword>statistics</Keyword>
   <Keyword>HH</Keyword>
   <Keyword>NL</Keyword>
   <Keyword>Human Health</Keyword>
   <Keyword>Netherlands</Keyword>
   <Keyword>SDMX</Keyword>
   <Keyword>Death</Keyword>
   <Keyword>NUTS2</Keyword>
   <Keyword>doctor</Keyword>
   <Keyword>death rate</Keyword>
   <Keyword>health</Keyword>
   <Keyword>infoMapAccessService</Keyword>
  </KeywordList>
  <OnlineResource xmlns:xlink="http://www.w3.org/1999/xlink" xlink:href="https://service.pdok.nl"/>
  <ContactInformation>
   <ContactPersonPrimary>
    <ContactPerson>KlantContactCenter PDOK</ContactPerson>
    <ContactOrganization>PDOK</ContactOrganization>
   </ContactPersonPrimary>
   <ContactPosition>pointOfContact</ContactPosition>
   <ContactAddress>
    <AddressType>Work</AddressType>
    <Address/>
    <City>Apeldoorn</City>
    <StateOrProvince/>
    <PostCode/>
    <Country>Netherlands</Country>
   </ContactAddress>
   <ContactVoiceTelephone/>
   <ContactFacsimileTelephone/>
   <ContactElectronicMailAddress>BeheerPDOK@kadaster.nl</ContactElectronicMailAddress>
  </ContactInformation>
  <Fees>NONE</Fees>
  <AccessConstraints>http://creativecommons.org/publicdomain/zero/1.0/deed.nl</AccessConstraints>
  <MaxWidth>4000</MaxWidth>
  <MaxHeight>4000</MaxHeight>
 </Service>
 <Capability>
  <Request>
   <GetCapabilities>
    <Format>text/xml</Format>
    <DCPType>
     <HTTP>
      <Get>
       <OnlineResource xmlns:xlink="http://www.w3.org/1999/xlink" xlink:href="https://service.pdok.nl/cbs/hh/wms/v1_0?"/>
      </Get>
     </HTTP>
    </DCPType>
   </GetCapabilities>
   <GetMap>
    <Format>image/png</Format>
    <Format>image/jpeg</Format>
    <Format>image/png; mode=8bit</Format>
    <Format>image/vnd.jpeg-png</Format>
    <Format>image/vnd.jpeg-png8</Format>
    <DCPType>
     <HTTP>
      <Get>
       <OnlineResource xmlns:xlink="http://www.w3.org/1999/xlink" xlink:href="https://service.pdok.nl/cbs/hh/wms/v1_0?"/>
      </Get>
      <Post>
       <OnlineResource xmlns:xlink="http://www.w3.org/1999/xlink" xlink:href="https://service.pdok.nl/cbs/hh/wms/v1_0"/>
      </Post>
     </HTTP>
    </DCPType>
   </GetMap>
   <GetFeatureInfo>
    <Format>application/json</Format>
    <Format>application/json; subtype=geojson</Format>
    <Format>application/vnd.ogc.gml</Format>
    <Format>text/html</Format>
    <Format>text/plain</Format>
    <Format>text/xml</Format>
    <Format>text/xml; subtype=gml/3.1.1</Format>
    <DCPType>
     <HTTP>
      <Get>
       <OnlineResource xmlns:xlink="http://www.w3.org/1999/xlink" xlink:href="https://service.pdok.nl/cbs/hh/wms/v1_0?"/>
      </Get>
      <Post>
       <OnlineResource xmlns:xlink="http://www.w3.org/1999/xlink" xlink:href="https://service.pdok.nl/cbs/hh/wms/v1_0"/>
      </Post>
     </HTTP>
    </DCPType>
   </GetFeatureInfo>
  </Request>
  <Exception>
   <Format>XML</Format>
   <Format>INIMAGE</Format>
   <Format>BLANK</Format>
  </Exception>
  <inspire_vs:ExtendedCapabilities>
   <inspire_common:MetadataUrl>
    <inspire_common:URL>https://www.nationaalgeoregister.nl/geonetwork/srv/eng/csw?service=CSW&amp;version=2.0.2&amp;request=GetRecordById&amp;outputschema=http://www.isotc211.org/2005/gmd&amp;elementsetname=full&amp;id=f0c6fbfe-a172-4223-8af3-58f6a28c881d</inspire_common:URL>
    <inspire_common:MediaType>application/vnd.ogc.csw.GetRecordByIdResponse_xml</inspire_common:MediaType>
   </inspire_common:MetadataUrl>
   <inspire_common:SupportedLanguages>
    <inspire_common:DefaultLanguage>
     <inspire_common:Language>eng</inspire_common:Language>
    </inspire_common:DefaultLanguage>
   </inspire_common:SupportedLanguages>
   <inspire_common:ResponseLanguage>
    <inspire_common:Language>eng</inspire_common:Language>
   </inspire_common:ResponseLanguage>
  </inspire_vs:ExtendedCapabilities>
  <Layer queryable="1">
   <Title>Human Health Statistics Netherlands (INSPIRE geharmoniseerd) WMS</Title>
   <Abstract>This service refers to SDMX files with human Health data like total number of death per 100.000 people or number of doctors in the Netherlands per NUTS2 region.</Abstract>
   <KeywordList>
    <Keyword>CBS</Keyword>
    <Keyword>statistics</Keyword>
    <Keyword>HH</Keyword>
    <Keyword>NL</Keyword>
    <Keyword>Human Health</Keyword>
    <Keyword>Netherlands</Keyword>
    <Keyword>SDMX</Keyword>
    <Keyword>Death</Keyword>
    <Keyword>NUTS2</Keyword>
    <Keyword>doctor</Keyword>
    <Keyword>death rate</Keyword>
    <Keyword>health</Keyword>
    <Keyword>infoMapAccessService</Keyword>
   </KeywordList>
   <CRS>EPSG:28992</CRS>
   <CRS>EPSG:25831</CRS>
   <CRS>EPSG:25832</CRS>
   <CRS>EPSG:3034</CRS>
   <CRS>EPSG:3035</CRS>
   <CRS>EPSG:3857</CRS>
   <CRS>EPSG:4258</CRS>
   <CRS>EPSG:4326</CRS>
   <CRS>CRS:84</CRS>
   <EX_GeographicBoundingBox>
    <westBoundLongitude>2.52713</westBoundLongitude>
    <eastBoundLongitude>7.37403</eastBoundLongitude>
    <southBoundLatitude>50.2129</southBoundLatitude>
    <northBoundLatitude>55.7212</northBoundLatitude>
   </EX_GeographicBoundingBox>
   <BoundingBox CRS="EPSG:28992" minx="-25000" miny="250000" maxx="280000" maxy="860000"/>
   <BoundingBox CRS="EPSG:25831" minx="-470271" miny="5.56231e+06" maxx="795163" maxy="6.18197e+06"/>
   <BoundingBox CRS="EPSG:25832" minx="62461.6" miny="5.56555e+06" maxx="397827" maxy="6.19042e+06"/>
   <BoundingBox CRS="EPSG:3034" minx="2.61336e+06" miny="3.509e+06" maxx="3.22007e+06" maxy="3.84003e+06"/>
   <BoundingBox CRS="EPSG:3035" minx="3.01676e+06" miny="3.81264e+06" maxx="3.64485e+06" maxy="4.15586e+06"/>
   <BoundingBox CRS="EPSG:3857" minx="281318" miny="6.48322e+06" maxx="820873" maxy="7.50311e+06"/>
   <BoundingBox CRS="EPSG:4258" minx="50.2129" miny="2.52713" maxx="55.7212" maxy="7.37403"/>
   <BoundingBox CRS="EPSG:4326" minx="50.2129" miny="2.52713" maxx="55.7212" maxy="7.37403"/>
   <BoundingBox CRS="CRS:84" minx="2.52713" miny="50.2129" maxx="7.37403" maxy="55.7212"/>
   <Layer queryable="1">
    <Name>hh-nl-nuts2-doctors-2017</Name>
    <Title>NL HH nrdoctors per 100000 in 2017 per NUTS2 region</Title>
    <Abstract>NL HH number of doctors per 100000 inhabitants in 2017 per NUTS2 region</Abstract>
    <KeywordList>
     <Keyword>CBS</Keyword>
     <Keyword>statistics</Keyword>
     <Keyword>HH</Keyword>
     <Keyword>NL</Keyword>
     <Keyword>Human Health</Keyword>
     <Keyword>Netherlands</Keyword>
     <Keyword>SDMX</Keyword>
     <Keyword>NUTS2</Keyword>
     <Keyword>doctor</Keyword>
     <Keyword>health</Keyword>
    </KeywordList>
    <CRS>EPSG:28992</CRS>
    <CRS>EPSG:25831</CRS>
    <CRS>EPSG:25832</CRS>
    <CRS>EPSG:3034</CRS>
    <CRS>EPSG:3035</CRS>
    <CRS>EPSG:3857</CRS>
    <CRS>EPSG:4258</CRS>
    <CRS>EPSG:4326</CRS>
    <CRS>CRS:84</CRS>
    <EX_GeographicBoundingBox>
     <westBoundLongitude>2.52713</westBoundLongitude>
     <eastBoundLongitude>7.37403</eastBoundLongitude>
     <southBoundLatitude>50.2129</southBoundLatitude>
     <northBoundLatitude>55.7212</northBoundLatitude>
    </EX_GeographicBoundingBox>
    <BoundingBox CRS="EPSG:28992" minx="-25000" miny="250000" maxx="280000" maxy="860000"/>
    <BoundingBox CRS="EPSG:25831" minx="-470271" miny="5.56231e+06" maxx="795163" maxy="6.18197e+06"/>
    <BoundingBox CRS="EPSG:25832" minx="62461.6" miny="5.56555e+06" maxx="397827" maxy="6.19042e+06"/>
    <BoundingBox CRS="EPSG:3034" minx="2.61336e+06" miny="3.509e+06" maxx="3.22007e+06" maxy="3.84003e+06"/>
    <BoundingBox CRS="EPSG:3035" minx="3.01676e+06" miny="3.81264e+06" maxx="3.64485e+06" maxy="4.15586e+06"/>
    <BoundingBox CRS="EPSG:3857" minx="281318" miny="6.48322e+06" maxx="820873" maxy="7.50311e+06"/>
    <BoundingBox CRS="EPSG:4258" minx="50.2129" miny="2.52713" maxx="55.7212" maxy="7.37403"/>
    <BoundingBox CRS="EPSG:4326" minx="50.2129" miny="2.52713" maxx="55.7212" maxy="7.37403"/>
    <BoundingBox CRS="CRS:84" minx="2.52713" miny="50.2129" maxx="7.37403" maxy="55.7212"/>
    <AuthorityURL name="cbs">
     <OnlineResource xlink:href="http://www.cbs.nl"/>
    </AuthorityURL>
    <Identifier authority="cbs">14076c36-c26d-2019-2015-7e65f530188d</Identifier>
    <MetadataURL type="TC211">
     <Format>text/plain</Format>
     <OnlineResource xmlns:xlink="http://www.w3.org/1999/xlink" xlink:type="simple" xlink:href="https://www.nationaalgeoregister.nl/geonetwork/srv/dut/xml.metadata.get?uuid=12bb57cd-73e0-41ba-a1e9-6d986b9109d3"/>
    </MetadataURL>
    <Style>
     <Name>hh_nl_nuts2_doctors</Name>
     <Title>hh_nl_nuts2_doctors_2017</Title>
     <LegendURL width="78" height="20">
      <Format>image/png</Format>
      <OnlineResource xmlns:xlink="http://www.w3.org/1999/xlink" xlink:type="simple" xlink:href="https://service.pdok.nl/cbs/hh/wms/v1_0?SERVICE=WMS&amp;language=dut&amp;version=1.3.0&amp;service=WMS&amp;request=GetLegendGraphic&amp;sld_version=1.1.0&amp;layer=hh-nl-nuts2-doctors-2017&amp;format=image/png&amp;STYLE=hh_nl_nuts2_doctors"/>
     </LegendURL>
    </Style>
   </Layer>
   <Layer queryable="1">
    <Name>hh-nl-nuts2-death-2016</Name>
    <Title>NL HH nrdeath per 100000 in 2016 per NUTS2 region</Title>
    <Abstract>NL HH number of death per 100000 inhabitants in 2016 per NUTS2 region</Abstract>
    <KeywordList>
     <Keyword>CBS</Keyword>
     <Keyword>statistics</Keyword>
     <Keyword>HH</Keyword>
     <Keyword>NL</Keyword>
     <Keyword>Human Health</Keyword>
     <Keyword>Netherlands</Keyword>
     <Keyword>SDMX</Keyword>
     <Keyword>Death</Keyword>
     <Keyword>NUTS2</Keyword>
     <Keyword>death rate</Keyword>
     <Keyword>health</Keyword>
    </KeywordList>
    <CRS>EPSG:28992</CRS>
    <CRS>EPSG:25831</CRS>
    <CRS>EPSG:25832</CRS>
    <CRS>EPSG:3034</CRS>
    <CRS>EPSG:3035</CRS>
    <CRS>EPSG:3857</CRS>
    <CRS>EPSG:4258</CRS>
    <CRS>EPSG:4326</CRS>
    <CRS>CRS:84</CRS>
    <EX_GeographicBoundingBox>
     <westBoundLongitude>2.52713</westBoundLongitude>
     <eastBoundLongitude>7.37403</eastBoundLongitude>
     <southBoundLatitude>50.2129</southBoundLatitude>
     <northBoundLatitude>55.7212</northBoundLatitude>
    </EX_GeographicBoundingBox>
    <BoundingBox CRS="EPSG:28992" minx="-25000" miny="250000" maxx="280000" maxy="860000"/>
    <BoundingBox CRS="EPSG:25831" minx="-470271" miny="5.56231e+06" maxx="795163" maxy="6.18197e+06"/>
    <BoundingBox CRS="EPSG:25832" minx="62461.6" miny="5.56555e+06" maxx="397827" maxy="6.19042e+06"/>
    <BoundingBox CRS="EPSG:3034" minx="2.61336e+06" miny="3.509e+06" maxx="3.22007e+06" maxy="3.84003e+06"/>
    <BoundingBox CRS="EPSG:3035" minx="3.01676e+06" miny="3.81264e+06" maxx="3.64485e+06" maxy="4.15586e+06"/>
    <BoundingBox CRS="EPSG:3857" minx="281318" miny="6.48322e+06" maxx="820873" maxy="7.50311e+06"/>
    <BoundingBox CRS="EPSG:4258" minx="50.2129" miny="2.52713" maxx="55.7212" maxy="7.37403"/>
    <BoundingBox CRS="EPSG:4326" minx="50.2129" miny="2.52713" maxx="55.7212" maxy="7.37403"/>
    <BoundingBox CRS="CRS:84" minx="2.52713" miny="50.2129" maxx="7.37403" maxy="55.7212"/>
    <AuthorityURL name="cbs">
     <OnlineResource xlink:href="http://www.cbs.nl"/>
    </AuthorityURL>
    <Identifier authority="cbs">14076c36-c26d-2019-2015-7e65f530188d</Identifier>
    <MetadataURL type="TC211">
     <Format>text/plain</Format>
     <OnlineResource xmlns:xlink="http://www.w3.org/1999/xlink" xlink:type="simple" xlink:href="https://www.nationaalgeoregister.nl/geonetwork/srv/dut/xml.metadata.get?uuid=12bb57cd-73e0-41ba-a1e9-6d986b9109d3"/>
    </MetadataURL>
    <Style>
     <Name>hh_nl_nuts2_death</Name>
     <Title>hh_nl_nuts2_death_2016</Title>
     <LegendURL width="78" height="20">
      <Format>image/png</Format>
      <OnlineResource xmlns:xlink="http://www.w3.org/1999/xlink" xlink:type="simple" xlink:href="https://service.pdok.nl/cbs/hh/wms/v1_0?SERVICE=WMS&amp;language=dut&amp;version=1.3.0&amp;service=WMS&amp;request=GetLegendGraphic&amp;sld_version=1.1.0&amp;layer=hh-nl-nuts2-death-2016&amp;format=image/png&amp;STYLE=hh_nl_nuts2_death"/>
     </LegendURL>
    </Style>
   </Layer>
  </Layer>
 </Capability>
</WMS_Capabilities>